[2022-01-30T16:16:44.178+0530][gc,heap] Heap region size: 1M
[2022-01-30T16:16:44.188+0530][gc     ] Using G1
[2022-01-30T16:16:44.188+0530][gc,heap,coops] Heap address: 0x00000000c0000000, size: 1024 MB, Compressed Oops mode: 32-bit
[2022-01-30T16:16:44.189+0530][gc,cds       ] Mark closed archive regions in map: [0x00000000fff00000, 0x00000000fff6aff8]
[2022-01-30T16:16:44.189+0530][gc,cds       ] Mark open archive regions in map: [0x00000000ffe00000, 0x00000000ffe46ff8]
[2022-01-30T16:16:44.921+0530][gc,heap,exit ] Heap
[2022-01-30T16:16:44.921+0530][gc,heap,exit ]  garbage-first heap   total 1048576K, used 32456K [0x00000000c0000000, 0x0000000100000000)
[2022-01-30T16:16:44.921+0530][gc,heap,exit ]   region size 1024K, 32 young (32768K), 0 survivors (0K)
[2022-01-30T16:16:44.921+0530][gc,heap,exit ]  Metaspace       used 9704K, capacity 9976K, committed 10368K, reserved 1058816K
[2022-01-30T16:16:44.921+0530][gc,heap,exit ]   class space    used 1225K, capacity 1330K, committed 1408K, reserved 1048576K
