[2022-01-30T16:36:18.114+0530][gc,heap] Heap region size: 1M
[2022-01-30T16:36:18.124+0530][gc     ] Using G1
[2022-01-30T16:36:18.124+0530][gc,heap,coops] Heap address: 0x00000000c0000000, size: 1024 MB, Compressed Oops mode: 32-bit
[2022-01-30T16:36:18.124+0530][gc,cds       ] Mark closed archive regions in map: [0x00000000fff00000, 0x00000000fff6aff8]
[2022-01-30T16:36:18.124+0530][gc,cds       ] Mark open archive regions in map: [0x00000000ffe00000, 0x00000000ffe46ff8]
[2022-01-30T16:36:19.478+0530][gc,start     ] GC(0) Pause Young (Normal) (G1 Evacuation Pause)
[2022-01-30T16:36:19.478+0530][gc,task      ] GC(0) Using 4 workers of 4 for evacuation
[2022-01-30T16:36:19.490+0530][gc,phases    ] GC(0)   Pre Evacuate Collection Set: 0.0ms
[2022-01-30T16:36:19.490+0530][gc,phases    ] GC(0)   Evacuate Collection Set: 11.1ms
[2022-01-30T16:36:19.490+0530][gc,phases    ] GC(0)   Post Evacuate Collection Set: 0.5ms
[2022-01-30T16:36:19.490+0530][gc,phases    ] GC(0)   Other: 0.6ms
[2022-01-30T16:36:19.490+0530][gc,heap      ] GC(0) Eden regions: 51->0(44)
[2022-01-30T16:36:19.490+0530][gc,heap      ] GC(0) Survivor regions: 0->7(7)
[2022-01-30T16:36:19.490+0530][gc,heap      ] GC(0) Old regions: 2->2
[2022-01-30T16:36:19.490+0530][gc,heap      ] GC(0) Humongous regions: 0->0
[2022-01-30T16:36:19.490+0530][gc,metaspace ] GC(0) Metaspace: 14636K->14636K(1062912K)
[2022-01-30T16:36:19.490+0530][gc           ] GC(0) Pause Young (Normal) (G1 Evacuation Pause) 51M->7M(1024M) 12.284ms
[2022-01-30T16:36:19.490+0530][gc,cpu       ] GC(0) User=0.04s Sys=0.01s Real=0.01s
[2022-01-30T16:36:19.902+0530][gc,start     ] GC(1) Pause Young (Concurrent Start) (Metadata GC Threshold)
[2022-01-30T16:36:19.902+0530][gc,task      ] GC(1) Using 4 workers of 4 for evacuation
[2022-01-30T16:36:19.915+0530][gc,phases    ] GC(1)   Pre Evacuate Collection Set: 0.0ms
[2022-01-30T16:36:19.915+0530][gc,phases    ] GC(1)   Evacuate Collection Set: 11.5ms
[2022-01-30T16:36:19.915+0530][gc,phases    ] GC(1)   Post Evacuate Collection Set: 0.4ms
[2022-01-30T16:36:19.915+0530][gc,phases    ] GC(1)   Other: 0.2ms
[2022-01-30T16:36:19.915+0530][gc,heap      ] GC(1) Eden regions: 25->0(50)
[2022-01-30T16:36:19.915+0530][gc,heap      ] GC(1) Survivor regions: 7->1(7)
[2022-01-30T16:36:19.915+0530][gc,heap      ] GC(1) Old regions: 2->9
[2022-01-30T16:36:19.915+0530][gc,heap      ] GC(1) Humongous regions: 0->0
[2022-01-30T16:36:19.915+0530][gc,metaspace ] GC(1) Metaspace: 20469K->20469K(1067008K)
[2022-01-30T16:36:19.915+0530][gc           ] GC(1) Pause Young (Concurrent Start) (Metadata GC Threshold) 31M->8M(1024M) 12.321ms
[2022-01-30T16:36:19.915+0530][gc,cpu       ] GC(1) User=0.03s Sys=0.00s Real=0.02s
[2022-01-30T16:36:19.915+0530][gc           ] GC(2) Concurrent Cycle
[2022-01-30T16:36:19.915+0530][gc,marking   ] GC(2) Concurrent Clear Claimed Marks
[2022-01-30T16:36:19.915+0530][gc,marking   ] GC(2) Concurrent Clear Claimed Marks 0.052ms
[2022-01-30T16:36:19.915+0530][gc,marking   ] GC(2) Concurrent Scan Root Regions
[2022-01-30T16:36:19.916+0530][gc,marking   ] GC(2) Concurrent Scan Root Regions 1.214ms
[2022-01-30T16:36:19.916+0530][gc,marking   ] GC(2) Concurrent Mark (1.828s)
[2022-01-30T16:36:19.916+0530][gc,marking   ] GC(2) Concurrent Mark From Roots
[2022-01-30T16:36:19.916+0530][gc,task      ] GC(2) Using 1 workers of 1 for marking
[2022-01-30T16:36:19.927+0530][gc,marking   ] GC(2) Concurrent Mark From Roots 11.253ms
[2022-01-30T16:36:19.927+0530][gc,marking   ] GC(2) Concurrent Preclean
[2022-01-30T16:36:19.928+0530][gc,marking   ] GC(2) Concurrent Preclean 0.122ms
[2022-01-30T16:36:19.928+0530][gc,marking   ] GC(2) Concurrent Mark (1.828s, 1.839s) 11.434ms
[2022-01-30T16:36:19.928+0530][gc,start     ] GC(2) Pause Remark
[2022-01-30T16:36:19.931+0530][gc,stringtable] GC(2) Cleaned string and symbol table, strings: 5137 processed, 0 removed, symbols: 50812 processed, 39 removed
[2022-01-30T16:36:19.931+0530][gc            ] GC(2) Pause Remark 9M->9M(1024M) 2.902ms
[2022-01-30T16:36:19.931+0530][gc,cpu        ] GC(2) User=0.01s Sys=0.00s Real=0.00s
[2022-01-30T16:36:19.931+0530][gc,marking    ] GC(2) Concurrent Rebuild Remembered Sets
[2022-01-30T16:36:19.936+0530][gc,marking    ] GC(2) Concurrent Rebuild Remembered Sets 4.895ms
[2022-01-30T16:36:19.936+0530][gc,start      ] GC(2) Pause Cleanup
[2022-01-30T16:36:19.936+0530][gc            ] GC(2) Pause Cleanup 9M->9M(1024M) 0.264ms
[2022-01-30T16:36:19.936+0530][gc,cpu        ] GC(2) User=0.00s Sys=0.00s Real=0.00s
[2022-01-30T16:36:19.937+0530][gc,marking    ] GC(2) Concurrent Cleanup for Next Mark
[2022-01-30T16:36:19.947+0530][gc,marking    ] GC(2) Concurrent Cleanup for Next Mark 10.335ms
[2022-01-30T16:36:19.947+0530][gc            ] GC(2) Concurrent Cycle 32.076ms
[2022-01-30T16:36:20.658+0530][gc,start      ] GC(3) Pause Young (Normal) (G1 Evacuation Pause)
[2022-01-30T16:36:20.658+0530][gc,task       ] GC(3) Using 4 workers of 4 for evacuation
[2022-01-30T16:36:20.666+0530][gc,phases     ] GC(3)   Pre Evacuate Collection Set: 0.0ms
[2022-01-30T16:36:20.666+0530][gc,phases     ] GC(3)   Evacuate Collection Set: 7.0ms
[2022-01-30T16:36:20.666+0530][gc,phases     ] GC(3)   Post Evacuate Collection Set: 0.5ms
[2022-01-30T16:36:20.666+0530][gc,phases     ] GC(3)   Other: 0.2ms
[2022-01-30T16:36:20.666+0530][gc,heap       ] GC(3) Eden regions: 50->0(47)
[2022-01-30T16:36:20.666+0530][gc,heap       ] GC(3) Survivor regions: 1->4(7)
[2022-01-30T16:36:20.666+0530][gc,heap       ] GC(3) Old regions: 9->9
[2022-01-30T16:36:20.666+0530][gc,heap       ] GC(3) Humongous regions: 129->129
[2022-01-30T16:36:20.666+0530][gc,metaspace  ] GC(3) Metaspace: 29585K->29585K(1077248K)
[2022-01-30T16:36:20.666+0530][gc            ] GC(3) Pause Young (Normal) (G1 Evacuation Pause) 187M->139M(1024M) 7.817ms
[2022-01-30T16:36:20.666+0530][gc,cpu        ] GC(3) User=0.03s Sys=0.00s Real=0.01s
[2022-01-30T16:36:23.999+0530][gc,heap,exit  ] Heap
[2022-01-30T16:36:23.999+0530][gc,heap,exit  ]  garbage-first heap   total 1048576K, used 163713K [0x00000000c0000000, 0x0000000100000000)
[2022-01-30T16:36:23.999+0530][gc,heap,exit  ]   region size 1024K, 26 young (26624K), 4 survivors (4096K)
[2022-01-30T16:36:23.999+0530][gc,heap,exit  ]  Metaspace       used 32743K, capacity 34086K, committed 34428K, reserved 1079296K
[2022-01-30T16:36:23.999+0530][gc,heap,exit  ]   class space    used 4014K, capacity 4651K, committed 4736K, reserved 1048576K
