[2022-01-30T16:39:40.430+0530][gc,heap] Heap region size: 1M
[2022-01-30T16:39:40.445+0530][gc     ] Using G1
[2022-01-30T16:39:40.445+0530][gc,heap,coops] Heap address: 0x00000000c0000000, size: 1024 MB, Compressed Oops mode: 32-bit
[2022-01-30T16:39:40.445+0530][gc,cds       ] Mark closed archive regions in map: [0x00000000fff00000, 0x00000000fff6aff8]
[2022-01-30T16:39:40.445+0530][gc,cds       ] Mark open archive regions in map: [0x00000000ffe00000, 0x00000000ffe46ff8]
[2022-01-30T16:39:41.570+0530][gc,start     ] GC(0) Pause Young (Normal) (G1 Evacuation Pause)
[2022-01-30T16:39:41.570+0530][gc,task      ] GC(0) Using 4 workers of 4 for evacuation
[2022-01-30T16:39:41.581+0530][gc,phases    ] GC(0)   Pre Evacuate Collection Set: 0.0ms
[2022-01-30T16:39:41.581+0530][gc,phases    ] GC(0)   Evacuate Collection Set: 10.5ms
[2022-01-30T16:39:41.581+0530][gc,phases    ] GC(0)   Post Evacuate Collection Set: 0.4ms
[2022-01-30T16:39:41.581+0530][gc,phases    ] GC(0)   Other: 0.5ms
[2022-01-30T16:39:41.581+0530][gc,heap      ] GC(0) Eden regions: 51->0(44)
[2022-01-30T16:39:41.581+0530][gc,heap      ] GC(0) Survivor regions: 0->7(7)
[2022-01-30T16:39:41.581+0530][gc,heap      ] GC(0) Old regions: 2->2
[2022-01-30T16:39:41.581+0530][gc,heap      ] GC(0) Humongous regions: 0->0
[2022-01-30T16:39:41.581+0530][gc,metaspace ] GC(0) Metaspace: 14709K->14709K(1062912K)
[2022-01-30T16:39:41.581+0530][gc           ] GC(0) Pause Young (Normal) (G1 Evacuation Pause) 51M->7M(1024M) 11.575ms
[2022-01-30T16:39:41.581+0530][gc,cpu       ] GC(0) User=0.04s Sys=0.00s Real=0.01s
[2022-01-30T16:39:41.963+0530][gc,start     ] GC(1) Pause Young (Concurrent Start) (Metadata GC Threshold)
[2022-01-30T16:39:41.963+0530][gc,task      ] GC(1) Using 4 workers of 4 for evacuation
[2022-01-30T16:39:41.976+0530][gc,phases    ] GC(1)   Pre Evacuate Collection Set: 0.0ms
[2022-01-30T16:39:41.976+0530][gc,phases    ] GC(1)   Evacuate Collection Set: 11.9ms
[2022-01-30T16:39:41.976+0530][gc,phases    ] GC(1)   Post Evacuate Collection Set: 0.4ms
[2022-01-30T16:39:41.976+0530][gc,phases    ] GC(1)   Other: 0.2ms
[2022-01-30T16:39:41.976+0530][gc,heap      ] GC(1) Eden regions: 24->0(49)
[2022-01-30T16:39:41.976+0530][gc,heap      ] GC(1) Survivor regions: 7->2(7)
[2022-01-30T16:39:41.976+0530][gc,heap      ] GC(1) Old regions: 2->9
[2022-01-30T16:39:41.976+0530][gc,heap      ] GC(1) Humongous regions: 0->0
[2022-01-30T16:39:41.976+0530][gc,metaspace ] GC(1) Metaspace: 20487K->20487K(1067008K)
[2022-01-30T16:39:41.976+0530][gc           ] GC(1) Pause Young (Concurrent Start) (Metadata GC Threshold) 31M->8M(1024M) 12.673ms
[2022-01-30T16:39:41.976+0530][gc,cpu       ] GC(1) User=0.05s Sys=0.00s Real=0.02s
[2022-01-30T16:39:41.976+0530][gc           ] GC(2) Concurrent Cycle
[2022-01-30T16:39:41.976+0530][gc,marking   ] GC(2) Concurrent Clear Claimed Marks
[2022-01-30T16:39:41.976+0530][gc,marking   ] GC(2) Concurrent Clear Claimed Marks 0.069ms
[2022-01-30T16:39:41.976+0530][gc,marking   ] GC(2) Concurrent Scan Root Regions
[2022-01-30T16:39:41.977+0530][gc,marking   ] GC(2) Concurrent Scan Root Regions 1.232ms
[2022-01-30T16:39:41.977+0530][gc,marking   ] GC(2) Concurrent Mark (1.568s)
[2022-01-30T16:39:41.977+0530][gc,marking   ] GC(2) Concurrent Mark From Roots
[2022-01-30T16:39:41.977+0530][gc,task      ] GC(2) Using 1 workers of 1 for marking
[2022-01-30T16:39:41.988+0530][gc,marking   ] GC(2) Concurrent Mark From Roots 10.329ms
[2022-01-30T16:39:41.988+0530][gc,marking   ] GC(2) Concurrent Preclean
[2022-01-30T16:39:41.988+0530][gc,marking   ] GC(2) Concurrent Preclean 0.107ms
[2022-01-30T16:39:41.988+0530][gc,marking   ] GC(2) Concurrent Mark (1.568s, 1.579s) 10.499ms
[2022-01-30T16:39:41.988+0530][gc,start     ] GC(2) Pause Remark
[2022-01-30T16:39:41.990+0530][gc,stringtable] GC(2) Cleaned string and symbol table, strings: 5133 processed, 0 removed, symbols: 50474 processed, 40 removed
[2022-01-30T16:39:41.991+0530][gc            ] GC(2) Pause Remark 9M->9M(1024M) 2.768ms
[2022-01-30T16:39:41.991+0530][gc,cpu        ] GC(2) User=0.01s Sys=0.00s Real=0.00s
[2022-01-30T16:39:41.991+0530][gc,marking    ] GC(2) Concurrent Rebuild Remembered Sets
[2022-01-30T16:39:41.996+0530][gc,marking    ] GC(2) Concurrent Rebuild Remembered Sets 5.393ms
[2022-01-30T16:39:41.996+0530][gc,start      ] GC(2) Pause Cleanup
[2022-01-30T16:39:41.997+0530][gc            ] GC(2) Pause Cleanup 9M->9M(1024M) 0.251ms
[2022-01-30T16:39:41.997+0530][gc,cpu        ] GC(2) User=0.00s Sys=0.00s Real=0.00s
[2022-01-30T16:39:41.997+0530][gc,marking    ] GC(2) Concurrent Cleanup for Next Mark
[2022-01-30T16:39:42.007+0530][gc,marking    ] GC(2) Concurrent Cleanup for Next Mark 10.681ms
[2022-01-30T16:39:42.007+0530][gc            ] GC(2) Concurrent Cycle 31.436ms
[2022-01-30T16:39:42.694+0530][gc,start      ] GC(3) Pause Young (Normal) (G1 Evacuation Pause)
[2022-01-30T16:39:42.694+0530][gc,task       ] GC(3) Using 4 workers of 4 for evacuation
[2022-01-30T16:39:42.700+0530][gc,phases     ] GC(3)   Pre Evacuate Collection Set: 0.0ms
[2022-01-30T16:39:42.700+0530][gc,phases     ] GC(3)   Evacuate Collection Set: 5.3ms
[2022-01-30T16:39:42.700+0530][gc,phases     ] GC(3)   Post Evacuate Collection Set: 0.5ms
[2022-01-30T16:39:42.700+0530][gc,phases     ] GC(3)   Other: 0.1ms
[2022-01-30T16:39:42.700+0530][gc,heap       ] GC(3) Eden regions: 49->0(47)
[2022-01-30T16:39:42.700+0530][gc,heap       ] GC(3) Survivor regions: 2->4(7)
[2022-01-30T16:39:42.700+0530][gc,heap       ] GC(3) Old regions: 9->9
[2022-01-30T16:39:42.700+0530][gc,heap       ] GC(3) Humongous regions: 129->129
[2022-01-30T16:39:42.700+0530][gc,metaspace  ] GC(3) Metaspace: 29560K->29560K(1077248K)
[2022-01-30T16:39:42.700+0530][gc            ] GC(3) Pause Young (Normal) (G1 Evacuation Pause) 186M->139M(1024M) 5.969ms
[2022-01-30T16:39:42.700+0530][gc,cpu        ] GC(3) User=0.02s Sys=0.00s Real=0.00s
[2022-01-30T16:39:43.071+0530][gc,start      ] GC(4) Pause Young (Concurrent Start) (Metadata GC Threshold)
[2022-01-30T16:39:43.071+0530][gc,task       ] GC(4) Using 4 workers of 4 for evacuation
[2022-01-30T16:39:43.080+0530][gc,phases     ] GC(4)   Pre Evacuate Collection Set: 0.1ms
[2022-01-30T16:39:43.080+0530][gc,phases     ] GC(4)   Evacuate Collection Set: 7.8ms
[2022-01-30T16:39:43.080+0530][gc,phases     ] GC(4)   Post Evacuate Collection Set: 0.4ms
[2022-01-30T16:39:43.080+0530][gc,phases     ] GC(4)   Other: 0.2ms
[2022-01-30T16:39:43.080+0530][gc,heap       ] GC(4) Eden regions: 28->0(44)
[2022-01-30T16:39:43.080+0530][gc,heap       ] GC(4) Survivor regions: 4->7(7)
[2022-01-30T16:39:43.080+0530][gc,heap       ] GC(4) Old regions: 9->9
[2022-01-30T16:39:43.080+0530][gc,heap       ] GC(4) Humongous regions: 129->129
[2022-01-30T16:39:43.080+0530][gc,metaspace  ] GC(4) Metaspace: 34524K->34524K(1081344K)
[2022-01-30T16:39:43.080+0530][gc            ] GC(4) Pause Young (Concurrent Start) (Metadata GC Threshold) 167M->142M(1024M) 8.522ms
[2022-01-30T16:39:43.080+0530][gc,cpu        ] GC(4) User=0.03s Sys=0.00s Real=0.01s
[2022-01-30T16:39:43.080+0530][gc            ] GC(5) Concurrent Cycle
[2022-01-30T16:39:43.080+0530][gc,marking    ] GC(5) Concurrent Clear Claimed Marks
[2022-01-30T16:39:43.080+0530][gc,marking    ] GC(5) Concurrent Clear Claimed Marks 0.096ms
[2022-01-30T16:39:43.080+0530][gc,marking    ] GC(5) Concurrent Scan Root Regions
[2022-01-30T16:39:43.084+0530][gc,marking    ] GC(5) Concurrent Scan Root Regions 3.924ms
[2022-01-30T16:39:43.084+0530][gc,marking    ] GC(5) Concurrent Mark (2.675s)
[2022-01-30T16:39:43.084+0530][gc,marking    ] GC(5) Concurrent Mark From Roots
[2022-01-30T16:39:43.084+0530][gc,task       ] GC(5) Using 1 workers of 1 for marking
[2022-01-30T16:39:43.104+0530][gc,marking    ] GC(5) Concurrent Mark From Roots 20.630ms
[2022-01-30T16:39:43.104+0530][gc,marking    ] GC(5) Concurrent Preclean
[2022-01-30T16:39:43.105+0530][gc,marking    ] GC(5) Concurrent Preclean 0.109ms
[2022-01-30T16:39:43.105+0530][gc,marking    ] GC(5) Concurrent Mark (2.675s, 2.696s) 20.805ms
[2022-01-30T16:39:43.106+0530][gc,start      ] GC(5) Pause Remark
[2022-01-30T16:39:43.111+0530][gc,stringtable] GC(5) Cleaned string and symbol table, strings: 10817 processed, 10 removed, symbols: 85399 processed, 18 removed
[2022-01-30T16:39:43.111+0530][gc            ] GC(5) Pause Remark 144M->144M(1024M) 4.612ms
[2022-01-30T16:39:43.111+0530][gc,cpu        ] GC(5) User=0.01s Sys=0.00s Real=0.00s
[2022-01-30T16:39:43.111+0530][gc,marking    ] GC(5) Concurrent Rebuild Remembered Sets
[2022-01-30T16:39:43.118+0530][gc,marking    ] GC(5) Concurrent Rebuild Remembered Sets 7.448ms
[2022-01-30T16:39:43.119+0530][gc,start      ] GC(5) Pause Cleanup
[2022-01-30T16:39:43.119+0530][gc            ] GC(5) Pause Cleanup 144M->144M(1024M) 0.203ms
[2022-01-30T16:39:43.119+0530][gc,cpu        ] GC(5) User=0.00s Sys=0.00s Real=0.00s
[2022-01-30T16:39:43.119+0530][gc,marking    ] GC(5) Concurrent Cleanup for Next Mark
[2022-01-30T16:39:43.136+0530][gc,marking    ] GC(5) Concurrent Cleanup for Next Mark 16.644ms
[2022-01-30T16:39:43.136+0530][gc            ] GC(5) Concurrent Cycle 55.939ms
[2022-01-30T16:39:49.166+0530][gc,start      ] GC(6) Pause Young (Normal) (G1 Evacuation Pause)
[2022-01-30T16:39:49.166+0530][gc,task       ] GC(6) Using 4 workers of 4 for evacuation
[2022-01-30T16:39:49.178+0530][gc,phases     ] GC(6)   Pre Evacuate Collection Set: 0.0ms
[2022-01-30T16:39:49.178+0530][gc,phases     ] GC(6)   Evacuate Collection Set: 11.0ms
[2022-01-30T16:39:49.178+0530][gc,phases     ] GC(6)   Post Evacuate Collection Set: 0.7ms
[2022-01-30T16:39:49.178+0530][gc,phases     ] GC(6)   Other: 0.2ms
[2022-01-30T16:39:49.178+0530][gc,heap       ] GC(6) Eden regions: 44->0(46)
[2022-01-30T16:39:49.178+0530][gc,heap       ] GC(6) Survivor regions: 7->5(7)
[2022-01-30T16:39:49.178+0530][gc,heap       ] GC(6) Old regions: 9->12
[2022-01-30T16:39:49.178+0530][gc,heap       ] GC(6) Humongous regions: 129->129
[2022-01-30T16:39:49.178+0530][gc,metaspace  ] GC(6) Metaspace: 41224K->41224K(1087488K)
[2022-01-30T16:39:49.178+0530][gc            ] GC(6) Pause Young (Normal) (G1 Evacuation Pause) 186M->144M(1024M) 11.975ms
[2022-01-30T16:39:49.178+0530][gc,cpu        ] GC(6) User=0.04s Sys=0.00s Real=0.02s
[2022-01-30T16:40:30.052+0530][gc,heap,exit  ] Heap
[2022-01-30T16:40:30.052+0530][gc,heap,exit  ]  garbage-first heap   total 1048576K, used 180553K [0x00000000c0000000, 0x0000000100000000)
[2022-01-30T16:40:30.052+0530][gc,heap,exit  ]   region size 1024K, 38 young (38912K), 5 survivors (5120K)
[2022-01-30T16:40:30.052+0530][gc,heap,exit  ]  Metaspace       used 42636K, capacity 45187K, committed 45436K, reserved 1087488K
[2022-01-30T16:40:30.052+0530][gc,heap,exit  ]   class space    used 5461K, capacity 6688K, committed 6784K, reserved 1048576K
