[2022-01-30T16:16:55.170+0530][gc,heap] Heap region size: 1M
[2022-01-30T16:16:55.180+0530][gc     ] Using G1
[2022-01-30T16:16:55.180+0530][gc,heap,coops] Heap address: 0x00000000c0000000, size: 1024 MB, Compressed Oops mode: 32-bit
[2022-01-30T16:16:55.180+0530][gc,cds       ] Mark closed archive regions in map: [0x00000000fff00000, 0x00000000fff6aff8]
[2022-01-30T16:16:55.180+0530][gc,cds       ] Mark open archive regions in map: [0x00000000ffe00000, 0x00000000ffe46ff8]
[2022-01-30T16:16:56.210+0530][gc,start     ] GC(0) Pause Young (Normal) (G1 Evacuation Pause)
[2022-01-30T16:16:56.210+0530][gc,task      ] GC(0) Using 4 workers of 4 for evacuation
[2022-01-30T16:16:56.221+0530][gc,phases    ] GC(0)   Pre Evacuate Collection Set: 0.0ms
[2022-01-30T16:16:56.221+0530][gc,phases    ] GC(0)   Evacuate Collection Set: 10.5ms
[2022-01-30T16:16:56.221+0530][gc,phases    ] GC(0)   Post Evacuate Collection Set: 0.4ms
[2022-01-30T16:16:56.221+0530][gc,phases    ] GC(0)   Other: 0.5ms
[2022-01-30T16:16:56.221+0530][gc,heap      ] GC(0) Eden regions: 51->0(44)
[2022-01-30T16:16:56.221+0530][gc,heap      ] GC(0) Survivor regions: 0->7(7)
[2022-01-30T16:16:56.221+0530][gc,heap      ] GC(0) Old regions: 2->2
[2022-01-30T16:16:56.221+0530][gc,heap      ] GC(0) Humongous regions: 0->0
[2022-01-30T16:16:56.221+0530][gc,metaspace ] GC(0) Metaspace: 14666K->14666K(1062912K)
[2022-01-30T16:16:56.221+0530][gc           ] GC(0) Pause Young (Normal) (G1 Evacuation Pause) 51M->7M(1024M) 11.516ms
[2022-01-30T16:16:56.221+0530][gc,cpu       ] GC(0) User=0.05s Sys=0.00s Real=0.01s
[2022-01-30T16:17:10.512+0530][gc,heap,exit ] Heap
[2022-01-30T16:17:10.512+0530][gc,heap,exit ]  garbage-first heap   total 1048576K, used 10515K [0x00000000c0000000, 0x0000000100000000)
[2022-01-30T16:17:10.512+0530][gc,heap,exit ]   region size 1024K, 11 young (11264K), 7 survivors (7168K)
[2022-01-30T16:17:10.512+0530][gc,heap,exit ]  Metaspace       used 15281K, capacity 15746K, committed 16000K, reserved 1062912K
[2022-01-30T16:17:10.512+0530][gc,heap,exit ]   class space    used 1880K, capacity 2095K, committed 2176K, reserved 1048576K
