[2022-01-30T16:39:39.950+0530][gc,heap] Heap region size: 1M
[2022-01-30T16:39:39.956+0530][gc     ] Using G1
[2022-01-30T16:39:39.956+0530][gc,heap,coops] Heap address: 0x00000000e0000000, size: 512 MB, Compressed Oops mode: 32-bit
[2022-01-30T16:39:39.956+0530][gc,cds       ] Mark closed archive regions in map: [0x00000000fff00000, 0x00000000fff6aff8]
[2022-01-30T16:39:39.956+0530][gc,cds       ] Mark open archive regions in map: [0x00000000ffe00000, 0x00000000ffe46ff8]
[2022-01-30T16:39:40.719+0530][gc,start     ] GC(0) Pause Young (Normal) (G1 Evacuation Pause)
[2022-01-30T16:39:40.719+0530][gc,task      ] GC(0) Using 4 workers of 4 for evacuation
[2022-01-30T16:39:40.748+0530][gc,mmu       ] GC(0) MMU target violated: 21.0ms (20.0ms/21.0ms)
[2022-01-30T16:39:40.748+0530][gc,phases    ] GC(0)   Pre Evacuate Collection Set: 0.0ms
[2022-01-30T16:39:40.748+0530][gc,phases    ] GC(0)   Evacuate Collection Set: 28.2ms
[2022-01-30T16:39:40.748+0530][gc,phases    ] GC(0)   Post Evacuate Collection Set: 0.3ms
[2022-01-30T16:39:40.748+0530][gc,phases    ] GC(0)   Other: 0.5ms
[2022-01-30T16:39:40.748+0530][gc,heap      ] GC(0) Eden regions: 25->0(21)
[2022-01-30T16:39:40.748+0530][gc,heap      ] GC(0) Survivor regions: 0->4(4)
[2022-01-30T16:39:40.748+0530][gc,heap      ] GC(0) Old regions: 2->6
[2022-01-30T16:39:40.748+0530][gc,heap      ] GC(0) Humongous regions: 0->0
[2022-01-30T16:39:40.748+0530][gc,metaspace ] GC(0) Metaspace: 7596K->7596K(1056768K)
[2022-01-30T16:39:40.748+0530][gc           ] GC(0) Pause Young (Normal) (G1 Evacuation Pause) 25M->7M(512M) 29.106ms
[2022-01-30T16:39:40.748+0530][gc,cpu       ] GC(0) User=0.07s Sys=0.00s Real=0.03s
[2022-01-30T16:40:15.753+0530][gc,heap,exit ] Heap
[2022-01-30T16:40:15.753+0530][gc,heap,exit ]  garbage-first heap   total 524288K, used 16100K [0x00000000e0000000, 0x0000000100000000)
[2022-01-30T16:40:15.753+0530][gc,heap,exit ]   region size 1024K, 13 young (13312K), 4 survivors (4096K)
[2022-01-30T16:40:15.753+0530][gc,heap,exit ]  Metaspace       used 8772K, capacity 9153K, committed 9344K, reserved 1056768K
[2022-01-30T16:40:15.753+0530][gc,heap,exit ]   class space    used 982K, capacity 1123K, committed 1152K, reserved 1048576K
